// Jest Snapshot v1, https://goo.gl/fbAQLP

exports[`App renders renders the app 1`] = `undefined`;
